// Jest Snapshot v1, https://goo.gl/fbAQLP

exports[`icon 是个 svg 1`] = `
<svg
  aria-hidden="true"
  className="koala-icon"
>
  <use
    xlinkHref="#add"
  />
</svg>
`;
